---
source: src/lib.rs
description: "Test File Path: tests/test_snapshots.py"
---
{
  "also_level_one": "[redacted]",
  "level_one": "left_alone"
}
