---
source: src/lib.rs
description: "Test File Path: tests/test_snapshots.py"
---
[
  1,
  2,
  4
]
