---
source: src/lib.rs
description: "Test File Path: tests/test_snapshots.py"
---
foo,bar,ham
1,[redacted],a
2,[redacted],b
3,[redacted],c
4,[redacted],d
5,[redacted],e
