---
source: src/lib.rs
description: "Test File Path: tests/test_snapshots.py"
extension: bin
snapshot_kind: binary
---
