---
source: src/lib.rs
description: "Test File Path: tests/test_snapshots.py"
---
{
  "test": 2
}
