---
source: src/mocks.rs
description: "Test File Path: tests/test_snapshots.py"
---
{
  "sum": 4,
  "x": 1,
  "y": 3
}
