---
source: src/mocks.rs
description: "Test File Path: tests/test_snapshots.py"
---
{
  "args": [
    1,
    2
  ],
  "kwargs": null
}
