---
source: src/lib.rs
description: "Test File Path: tests/test_snapshots.py"
---
a,b
1,2

