---
source: src/lib.rs
description: "Test File Path: tests/test_snapshots.py"
---
{
  "assert_json_snapshot": "expected_result"
}
