---
source: src/lib.rs
description: "Test File Path: tests/test_snapshots.py"
---
name,id
foo,1
bar,2
