---
source: src/mocks.rs
---
{
  "args": [
    7
  ],
  "kwargs": null
}
