---
source: src/mocks.rs
---
{
  "calls": 1,
  "result": 70
}
