---
source: src/common.rs
expression: pti
---
Ok(
    PytestInfo {
        test_path: "tests/a/b/test_thing.py",
        test_name: "test_a",
    },
)
