{"mode": "applied", "file_path": "/private/var/folders/yj/7kyhyl8s3ql8bb1vjwkh_8pr0000gp/T/dbt_autofix_test_project1_c444olhs/project1/models/example/yml_with_tabs.yml", "refactors": [{"deprecation": null, "log": "Found extra tabs: line 5 - column 21"}]}
{"mode": "applied", "file_path": "/private/var/folders/yj/7kyhyl8s3ql8bb1vjwkh_8pr0000gp/T/dbt_autofix_test_project1_c444olhs/project1/models/example/sources.yml", "refactors": [{"deprecation": null, "log": "Removed line containing only tabs on line 72"}, {"deprecation": "PropertyMovedToConfigDeprecation", "log": "Source 'my-source' - Field 'tags' moved under config."}, {"deprecation": "PropertyMovedToConfigDeprecation", "log": "Source 'my-source' - Field 'freshness' moved under config."}, {"deprecation": "CustomKeyInObjectDeprecation", "log": "Source 'my-source' - Field 'custom_property' is not an allowed config - Moved under config.meta."}, {"deprecation": "CustomKeyInObjectDeprecation", "log": "Source 'my-source' - Moved all the meta fields under config.meta and merged with existing config.meta."}, {"deprecation": "PropertyMovedToConfigDeprecation", "log": "Table 'table1' - Field 'loaded_at_field' moved under config."}, {"deprecation": "PropertyMovedToConfigDeprecation", "log": "Table 'table1' - Field 'tags' moved under config."}, {"deprecation": "PropertyMovedToConfigDeprecation", "log": "Table 'table1' - Field 'freshness' moved under config."}, {"deprecation": "CustomKeyInObjectDeprecation", "log": "Table 'table1' - Moved all the meta fields under config.meta and merged with existing config.meta."}, {"deprecation": "MissingGenericTestArgumentsPropertyDeprecation", "log": "Test 'dbt_expectations.expect_table_columns_to_contain_set' - Custom test argument 'column_list' moved under 'arguments'."}, {"deprecation": "MissingGenericTestArgumentsPropertyDeprecation", "log": "Test 'dbt_expectations.expect_table_columns_to_contain_set' - Custom test argument 'transform' moved under 'arguments'."}, {"deprecation": "CustomKeyInObjectDeprecation", "log": "Column 'col1' - Moved all the meta fields under config.meta and merged with existing config.meta."}, {"deprecation": "CustomKeyInObjectDeprecation", "log": "Test 'unique' - Field 'where' moved under config."}]}
{"mode": "applied", "file_path": "/private/var/folders/yj/7kyhyl8s3ql8bb1vjwkh_8pr0000gp/T/dbt_autofix_test_project1_c444olhs/project1/models/example/schema_yml_with_tests.yml", "refactors": [{"deprecation": "CustomKeyInObjectDeprecation", "log": "Test 'custom_test' - Field 'severity' moved under config."}, {"deprecation": "MissingGenericTestArgumentsPropertyDeprecation", "log": "Test 'custom_test' - Custom test argument 'custom_arg' moved under 'arguments'."}, {"deprecation": "MissingGenericTestArgumentsPropertyDeprecation", "log": "Test 'accepted_values' - Custom test argument 'values' moved under 'arguments'."}, {"deprecation": "MissingGenericTestArgumentsPropertyDeprecation", "log": "Test 'custom_test_with_arguments_dict' - Custom test argument 'invalid_custom_arg' moved under 'arguments'."}, {"deprecation": "CustomKeyInObjectDeprecation", "log": "Test 'custom_test' - Field 'severity' moved under config."}, {"deprecation": "MissingGenericTestArgumentsPropertyDeprecation", "log": "Test 'custom_test' - Custom test argument 'custom_arg' moved under 'arguments'."}]}
{"mode": "applied", "file_path": "/private/var/folders/yj/7kyhyl8s3ql8bb1vjwkh_8pr0000gp/T/dbt_autofix_test_project1_c444olhs/project1/models/exposures.yml", "refactors": [{"deprecation": "PropertyMovedToConfigDeprecation", "log": "Exposure 'my_exposure' - Field 'tags' moved under config."}, {"deprecation": "CustomKeyInObjectDeprecation", "log": "Exposure 'my_exposure' - Moved all the meta fields under config.meta and merged with existing config.meta."}]}
{"mode": "applied", "file_path": "/private/var/folders/yj/7kyhyl8s3ql8bb1vjwkh_8pr0000gp/T/dbt_autofix_test_project1_c444olhs/project1/models/example/yml_with_dupes.yml", "refactors": [{"deprecation": "DuplicateYAMLKeysDeprecation", "log": "Found duplicate keys: line 4 - duplication of key \"description\" in mapping"}]}
{"mode": "applied", "file_path": "/private/var/folders/yj/7kyhyl8s3ql8bb1vjwkh_8pr0000gp/T/dbt_autofix_test_project1_c444olhs/project1/models/example/yml_with_anchors.yml", "refactors": [{"deprecation": null, "log": "Removed the extra indentation around 'version: 2' on line 1"}, {"deprecation": "CustomKeyInObjectDeprecation", "log": "Model 'my_first_dbt_model' - Field 'my_config' is not allowed, but 'config' is. Moved as-is under config.meta but you might want to rename it and move it under config."}, {"deprecation": "CustomKeyInObjectDeprecation", "log": "Column 'id' - Field 'my_config' is not allowed, but 'config' is. Moved as-is under config.meta but you might want to rename it and move it under config."}, {"deprecation": "CustomKeyInObjectDeprecation", "log": "Column 'id' - Moved all the meta fields under config.meta and merged with existing config.meta."}, {"deprecation": "CustomKeyInObjectDeprecation", "log": "Test 'not_null' - Field 'where' moved under config."}]}
{"mode": "applied", "file_path": "/var/folders/yj/7kyhyl8s3ql8bb1vjwkh_8pr0000gp/T/dbt_autofix_test_project1_c444olhs/project1/dbt_project.yml", "refactors": [{"deprecation": "ConfigTargetPathDeprecation", "log": "Removed the deprecated field 'target-path'"}, {"deprecation": "MissingPlusPrefixDeprecation", "log": "Added '+' in front of the nested config 'materialized'"}, {"deprecation": "MissingPlusPrefixDeprecation", "log": "Added '+' in front of top level config 'enabled'"}]}
{"mode": "complete"}
